[2026-05-03T04:12:20Z] Autonomous runner starting. Phases 3..3. Master=node2.chime-r650-may2.cs620426sp-PG0.clemson.cloudlab.us N=1
[2026-05-03T04:12:20Z] Starting phase 3
[2026-05-03T04:12:20Z] === Phase 3: CHIME-CXL variance reps T=16/32 x C/D/E x 5 reps ===
[2026-05-03T04:12:42Z]   CHIME-CXL c T=16 rep=1 peak=6.711
[2026-05-03T04:13:05Z]   CHIME-CXL c T=16 rep=2 peak=6.836
[2026-05-03T04:13:27Z]   CHIME-CXL c T=16 rep=3 peak=6.696
[2026-05-03T04:13:50Z]   CHIME-CXL c T=16 rep=4 peak=6.688
[2026-05-03T04:14:12Z]   CHIME-CXL c T=16 rep=5 peak=6.706
[2026-05-03T04:14:35Z]   CHIME-CXL c T=32 rep=1 peak=10.135
[2026-05-03T04:14:58Z]   CHIME-CXL c T=32 rep=2 peak=10.173
[2026-05-03T04:15:21Z]   CHIME-CXL c T=32 rep=3 peak=10.421
[2026-05-03T04:15:44Z]   CHIME-CXL c T=32 rep=4 peak=9.902
[2026-05-03T04:16:07Z]   CHIME-CXL c T=32 rep=5 peak=10.140
[2026-05-03T04:16:29Z]   CHIME-CXL d T=16 rep=1 peak=6.885
[2026-05-03T04:16:52Z]   CHIME-CXL d T=16 rep=2 peak=7.011
[2026-05-03T04:17:14Z]   CHIME-CXL d T=16 rep=3 peak=6.956
[2026-05-03T04:17:37Z]   CHIME-CXL d T=16 rep=4 peak=6.923
[2026-05-03T04:17:59Z]   CHIME-CXL d T=16 rep=5 peak=6.948
[2026-05-03T04:18:22Z]   CHIME-CXL d T=32 rep=1 peak=10.354
[2026-05-03T04:18:45Z]   CHIME-CXL d T=32 rep=2 peak=10.473
[2026-05-03T04:19:08Z]   CHIME-CXL d T=32 rep=3 peak=10.117
[2026-05-03T04:19:31Z]   CHIME-CXL d T=32 rep=4 peak=10.400
[2026-05-03T04:19:54Z]   CHIME-CXL d T=32 rep=5 peak=10.135
[2026-05-03T04:20:21Z]   CHIME-CXL e T=16 rep=1 peak=0.314
[2026-05-03T04:20:49Z]   CHIME-CXL e T=16 rep=2 peak=0.312
[2026-05-03T04:21:16Z]   CHIME-CXL e T=16 rep=3 peak=0.321
[2026-05-03T04:21:44Z]   CHIME-CXL e T=16 rep=4 peak=0.330
[2026-05-03T04:22:11Z]   CHIME-CXL e T=16 rep=5 peak=0.312
[2026-05-03T04:22:39Z]   CHIME-CXL e T=32 rep=1 peak=1.133
[2026-05-03T04:23:06Z]   CHIME-CXL e T=32 rep=2 peak=1.065
[2026-05-03T04:23:34Z]   CHIME-CXL e T=32 rep=3 peak=1.074
[2026-05-03T04:24:01Z]   CHIME-CXL e T=32 rep=4 peak=1.085
[2026-05-03T04:24:29Z]   CHIME-CXL e T=32 rep=5 peak=1.045
[2026-05-03T04:24:29Z] Phase 3 complete
[2026-05-03T04:24:29Z] Autonomous runner finished phases 3..3
[2026-05-03T04:34:57Z] Autonomous runner starting. Phases 6..6. Master=node2.chime-r650-may2.cs620426sp-PG0.clemson.cloudlab.us N=1
[2026-05-03T04:34:57Z] Starting phase 6
[2026-05-03T04:34:57Z] === Phase 6: high thread count CXL + 3 CN RDMA ===
[2026-05-03T04:35:19Z]   CHIME-CXL c T=32 peak=10.413 Mops
[2026-05-03T04:35:48Z]   CHIME-CXL c T=64 peak=10.768 Mops
[2026-05-03T04:36:03Z]   CHIME-CXL c T=96 peak=0 Mops
[2026-05-03T04:36:19Z]   CHIME-CXL c T=128 peak=0 Mops
[2026-05-03T04:36:34Z]   CHIME c T=32 cn=0 peak=0 Mops
[2026-05-03T04:36:49Z]   CHIME c T=64 cn=0 peak=0 Mops
[2026-05-03T04:37:04Z]   CHIME c T=96 cn=0 peak=0 Mops
[2026-05-03T04:37:20Z]   CHIME c T=128 cn=0 peak=0 Mops
[2026-05-03T04:37:42Z]   CHIME-CXL d T=32 peak=9.881 Mops
[2026-05-03T04:38:11Z]   CHIME-CXL d T=64 peak=10.714 Mops
[2026-05-03T04:38:27Z]   CHIME-CXL d T=96 peak=0 Mops
[2026-05-03T04:38:42Z]   CHIME-CXL d T=128 peak=0 Mops
[2026-05-03T04:38:57Z]   CHIME d T=32 cn=0 peak=0 Mops
[2026-05-03T04:39:12Z]   CHIME d T=64 cn=0 peak=0 Mops
[2026-05-03T04:39:28Z]   CHIME d T=96 cn=0 peak=0 Mops
[2026-05-03T04:39:43Z]   CHIME d T=128 cn=0 peak=0 Mops
[2026-05-03T04:39:43Z] Phase 6 complete
[2026-05-03T04:39:43Z] Autonomous runner finished phases 6..6
